// Jest Snapshot v1, https://goo.gl/fbAQLP

exports[`RobotCard should match the snapshot 1`] = `
ShallowWrapper {
  "length": 1,
  Symbol(enzyme.__root__): [Circular],
  Symbol(enzyme.__unrendered__): <RobotCard
    classType="even"
    removeRobot={[Function]}
    robot={
        Object {
            "current_name": "R2-D2",
            "date_added": "5/21/2018",
            "first_active": "5/21/2018",
            "height": 3.25,
            "id": 1,
            "intelligence_metric": 18,
            "weight": 200,
          }
    }
    triggerForm={[Function]}
/>,
  Symbol(enzyme.__renderer__): Object {
    "batchedUpdates": [Function],
    "getNode": [Function],
    "render": [Function],
    "simulateEvent": [Function],
    "unmount": [Function],
  },
  Symbol(enzyme.__node__): Object {
    "instance": null,
    "key": undefined,
    "nodeType": "host",
    "props": Object {
      "children": <ul
        className="robot-card__list"
>
        <li
                className="robot-card__list--list-item"
        >
                R2-D2
        </li>
        <li
                className="robot-card__list--list-item"
        >
                3.25
        </li>
        <li
                className="robot-card__list--list-item"
        >
                200
        </li>
        <li
                className="robot-card__list--list-item"
        >
                18
        </li>
        <li
                className="robot-card__list--list-item"
        >
                5/21/2018
        </li>
        <li
                className="robot-card__list--list-item"
        >
                5/21/2018
        </li>
        <li
                className="robot-card__list--list-item"
        >
                <button
                        className="edit-robot"
                        onClick={[Function]}
                />
        </li>
        <li
                className="robot-card__list--list-item"
        >
                <button
                        className="delete-robot"
                        onClick={[Function]}
                />
        </li>
</ul>,
      "className": "robot-card even",
    },
    "ref": null,
    "rendered": Object {
      "instance": null,
      "key": undefined,
      "nodeType": "host",
      "props": Object {
        "children": Array [
          <li
            className="robot-card__list--list-item"
>
            R2-D2
</li>,
          <li
            className="robot-card__list--list-item"
>
            3.25
</li>,
          <li
            className="robot-card__list--list-item"
>
            200
</li>,
          <li
            className="robot-card__list--list-item"
>
            18
</li>,
          <li
            className="robot-card__list--list-item"
>
            5/21/2018
</li>,
          <li
            className="robot-card__list--list-item"
>
            5/21/2018
</li>,
          <li
            className="robot-card__list--list-item"
>
            <button
                        className="edit-robot"
                        onClick={[Function]}
            />
</li>,
          <li
            className="robot-card__list--list-item"
>
            <button
                        className="delete-robot"
                        onClick={[Function]}
            />
</li>,
        ],
        "className": "robot-card__list",
      },
      "ref": null,
      "rendered": Array [
        Object {
          "instance": null,
          "key": undefined,
          "nodeType": "host",
          "props": Object {
            "children": "R2-D2",
            "className": "robot-card__list--list-item",
          },
          "ref": null,
          "rendered": "R2-D2",
          "type": "li",
        },
        Object {
          "instance": null,
          "key": undefined,
          "nodeType": "host",
          "props": Object {
            "children": 3.25,
            "className": "robot-card__list--list-item",
          },
          "ref": null,
          "rendered": 3.25,
          "type": "li",
        },
        Object {
          "instance": null,
          "key": undefined,
          "nodeType": "host",
          "props": Object {
            "children": 200,
            "className": "robot-card__list--list-item",
          },
          "ref": null,
          "rendered": 200,
          "type": "li",
        },
        Object {
          "instance": null,
          "key": undefined,
          "nodeType": "host",
          "props": Object {
            "children": 18,
            "className": "robot-card__list--list-item",
          },
          "ref": null,
          "rendered": 18,
          "type": "li",
        },
        Object {
          "instance": null,
          "key": undefined,
          "nodeType": "host",
          "props": Object {
            "children": "5/21/2018",
            "className": "robot-card__list--list-item",
          },
          "ref": null,
          "rendered": "5/21/2018",
          "type": "li",
        },
        Object {
          "instance": null,
          "key": undefined,
          "nodeType": "host",
          "props": Object {
            "children": "5/21/2018",
            "className": "robot-card__list--list-item",
          },
          "ref": null,
          "rendered": "5/21/2018",
          "type": "li",
        },
        Object {
          "instance": null,
          "key": undefined,
          "nodeType": "host",
          "props": Object {
            "children": <button
              className="edit-robot"
              onClick={[Function]}
/>,
            "className": "robot-card__list--list-item",
          },
          "ref": null,
          "rendered": Object {
            "instance": null,
            "key": undefined,
            "nodeType": "host",
            "props": Object {
              "className": "edit-robot",
              "onClick": [Function],
            },
            "ref": null,
            "rendered": null,
            "type": "button",
          },
          "type": "li",
        },
        Object {
          "instance": null,
          "key": undefined,
          "nodeType": "host",
          "props": Object {
            "children": <button
              className="delete-robot"
              onClick={[Function]}
/>,
            "className": "robot-card__list--list-item",
          },
          "ref": null,
          "rendered": Object {
            "instance": null,
            "key": undefined,
            "nodeType": "host",
            "props": Object {
              "className": "delete-robot",
              "onClick": [Function],
            },
            "ref": null,
            "rendered": null,
            "type": "button",
          },
          "type": "li",
        },
      ],
      "type": "ul",
    },
    "type": "article",
  },
  Symbol(enzyme.__nodes__): Array [
    Object {
      "instance": null,
      "key": undefined,
      "nodeType": "host",
      "props": Object {
        "children": <ul
          className="robot-card__list"
>
          <li
                    className="robot-card__list--list-item"
          >
                    R2-D2
          </li>
          <li
                    className="robot-card__list--list-item"
          >
                    3.25
          </li>
          <li
                    className="robot-card__list--list-item"
          >
                    200
          </li>
          <li
                    className="robot-card__list--list-item"
          >
                    18
          </li>
          <li
                    className="robot-card__list--list-item"
          >
                    5/21/2018
          </li>
          <li
                    className="robot-card__list--list-item"
          >
                    5/21/2018
          </li>
          <li
                    className="robot-card__list--list-item"
          >
                    <button
                              className="edit-robot"
                              onClick={[Function]}
                    />
          </li>
          <li
                    className="robot-card__list--list-item"
          >
                    <button
                              className="delete-robot"
                              onClick={[Function]}
                    />
          </li>
</ul>,
        "className": "robot-card even",
      },
      "ref": null,
      "rendered": Object {
        "instance": null,
        "key": undefined,
        "nodeType": "host",
        "props": Object {
          "children": Array [
            <li
              className="robot-card__list--list-item"
>
              R2-D2
</li>,
            <li
              className="robot-card__list--list-item"
>
              3.25
</li>,
            <li
              className="robot-card__list--list-item"
>
              200
</li>,
            <li
              className="robot-card__list--list-item"
>
              18
</li>,
            <li
              className="robot-card__list--list-item"
>
              5/21/2018
</li>,
            <li
              className="robot-card__list--list-item"
>
              5/21/2018
</li>,
            <li
              className="robot-card__list--list-item"
>
              <button
                            className="edit-robot"
                            onClick={[Function]}
              />
</li>,
            <li
              className="robot-card__list--list-item"
>
              <button
                            className="delete-robot"
                            onClick={[Function]}
              />
</li>,
          ],
          "className": "robot-card__list",
        },
        "ref": null,
        "rendered": Array [
          Object {
            "instance": null,
            "key": undefined,
            "nodeType": "host",
            "props": Object {
              "children": "R2-D2",
              "className": "robot-card__list--list-item",
            },
            "ref": null,
            "rendered": "R2-D2",
            "type": "li",
          },
          Object {
            "instance": null,
            "key": undefined,
            "nodeType": "host",
            "props": Object {
              "children": 3.25,
              "className": "robot-card__list--list-item",
            },
            "ref": null,
            "rendered": 3.25,
            "type": "li",
          },
          Object {
            "instance": null,
            "key": undefined,
            "nodeType": "host",
            "props": Object {
              "children": 200,
              "className": "robot-card__list--list-item",
            },
            "ref": null,
            "rendered": 200,
            "type": "li",
          },
          Object {
            "instance": null,
            "key": undefined,
            "nodeType": "host",
            "props": Object {
              "children": 18,
              "className": "robot-card__list--list-item",
            },
            "ref": null,
            "rendered": 18,
            "type": "li",
          },
          Object {
            "instance": null,
            "key": undefined,
            "nodeType": "host",
            "props": Object {
              "children": "5/21/2018",
              "className": "robot-card__list--list-item",
            },
            "ref": null,
            "rendered": "5/21/2018",
            "type": "li",
          },
          Object {
            "instance": null,
            "key": undefined,
            "nodeType": "host",
            "props": Object {
              "children": "5/21/2018",
              "className": "robot-card__list--list-item",
            },
            "ref": null,
            "rendered": "5/21/2018",
            "type": "li",
          },
          Object {
            "instance": null,
            "key": undefined,
            "nodeType": "host",
            "props": Object {
              "children": <button
                className="edit-robot"
                onClick={[Function]}
/>,
              "className": "robot-card__list--list-item",
            },
            "ref": null,
            "rendered": Object {
              "instance": null,
              "key": undefined,
              "nodeType": "host",
              "props": Object {
                "className": "edit-robot",
                "onClick": [Function],
              },
              "ref": null,
              "rendered": null,
              "type": "button",
            },
            "type": "li",
          },
          Object {
            "instance": null,
            "key": undefined,
            "nodeType": "host",
            "props": Object {
              "children": <button
                className="delete-robot"
                onClick={[Function]}
/>,
              "className": "robot-card__list--list-item",
            },
            "ref": null,
            "rendered": Object {
              "instance": null,
              "key": undefined,
              "nodeType": "host",
              "props": Object {
                "className": "delete-robot",
                "onClick": [Function],
              },
              "ref": null,
              "rendered": null,
              "type": "button",
            },
            "type": "li",
          },
        ],
        "type": "ul",
      },
      "type": "article",
    },
  ],
  Symbol(enzyme.__options__): Object {
    "adapter": ReactSixteenAdapter {
      "options": Object {
        "enableComponentDidUpdateOnSetState": true,
      },
    },
  },
}
`;
